// Jest Snapshot v1, https://goo.gl/fbAQLP

exports[`Film details page renders correctly 1`] = `
<div
  className="section"
>
  <div
    className="container"
  />
</div>
`;
