// Jest Snapshot v1, https://goo.gl/fbAQLP

exports[`The character component shows the character info 1`] = `null`;
