// Jest Snapshot v1, https://goo.gl/fbAQLP

exports[`The film component shows the film info 1`] = `null`;
